#-----------------------------------------------------------
# Vivado v2025.2 (64-bit)
# SW Build 6299465 on Fri Nov 14 19:35:11 GMT 2025
# IP Build 6300035 on Fri Nov 14 10:48:45 MST 2025
# SharedData Build 6298862 on Thu Nov 13 04:50:51 MST 2025
# Start of session at: Wed Mar  4 16:31:52 2026
# Process ID         : 35688
# Current directory  : C:/Users/nikhi/FFT/rtl/FFT-dif
# Command line       : vivado.exe -gui_launcher_event rodinguilauncherevent27600 C:\Users\nikhi\FFT\rtl\FFT-dif\FFT-dif.xpr
# Log file           : C:/Users/nikhi/FFT/rtl/FFT-dif/vivado.log
# Journal file       : C:/Users/nikhi/FFT/rtl/FFT-dif\vivado.jou
# Running On         : Libu
# Platform           : Windows Server 2016 or Windows 10
# Operating System   : 26200
# Processor Detail   : 13th Gen Intel(R) Core(TM) i5-13420H
# CPU Frequency      : 2611 MHz
# CPU Physical cores : 8
# CPU Logical cores  : 12
# Host memory        : 16802 MB
# Swap memory        : 21474 MB
# Total Virtual      : 38277 MB
# Available Virtual  : 11012 MB
#-----------------------------------------------------------
start_gui
open_project C:/Users/nikhi/FFT/rtl/FFT-dif/FFT-dif.xpr
