#-----------------------------------------------------------
# Vivado v2025.2 (64-bit)
# SW Build 6299465 on Fri Nov 14 19:35:11 GMT 2025
# IP Build 6300035 on Fri Nov 14 10:48:45 MST 2025
# SharedData Build 6298862 on Thu Nov 13 04:50:51 MST 2025
# Start of session at: Sat Mar 14 16:32:56 2026
# Process ID         : 29156
# Current directory  : C:/Users/nikhi/FFT/rtl/FFT-dif/FFT-dif.runs/impl_1
# Command line       : vivado.exe -log top_module.vdi -applog -product Vivado -messageDb vivado.pb -mode batch -source top_module.tcl -notrace
# Log file           : C:/Users/nikhi/FFT/rtl/FFT-dif/FFT-dif.runs/impl_1/top_module.vdi
# Journal file       : C:/Users/nikhi/FFT/rtl/FFT-dif/FFT-dif.runs/impl_1\vivado.jou
# Running On         : Libu
# Platform           : Windows Server 2016 or Windows 10
# Operating System   : 26200
# Processor Detail   : 13th Gen Intel(R) Core(TM) i5-13420H
# CPU Frequency      : 2611 MHz
# CPU Physical cores : 8
# CPU Logical cores  : 12
# Host memory        : 16802 MB
# Swap memory        : 18417 MB
# Total Virtual      : 35220 MB
# Available Virtual  : 2489 MB
#-----------------------------------------------------------
source top_module.tcl -notrace
